<h1>Hello</h1>
<p>By <a href="/author/barney">Barney Rubble</a> on <time datetime="2020-10-27">2020-10-27</time> /
Leave a Comment /
#Security /
2 minutes of reading</p>
<p>This is a paragpaph.
<br>New line can be made with space.</p>
<h2>Inline format</h2>
<p>Inline formats are between [].</p>
<p>Text can be <b class="red">bold</b><sup>sup</sup>, <i>italic</i><sub>sub</sub>, <u>underline</u>, <s>stricken</s>, <mark>marked</mark>, <code>code</code>, <ins>inserted</ins>, and <del>deleted</del>.</p>
<p>No automaticaly recognized links, as not all link-like text need to be clickable.</p>
<p>A named link is easy -- <a href="mailto:js@example.com">John Smith</a>, <a href="mailto:js@example.com">js@example.com</a>, <a href="https://www.ee">www.ee</a>.</p>
<p><a href="https://en.wikipedia.org/">Wikipedia</a></p>
<h2>Block format</h2>
<blockquote><p>Can be nested. [.left]
Without linebreak.
<br>With linebreak.</p>
<blockquote><h2>Block</h2>
<p>Can be nestet</p></blockquote>
<p>-- Someone</p></blockquote>
<blockquote><p>Can be nested. [.right]
Without linebreak.
<br>With linebreak.</p>
<blockquote><h2>Block</h2>
<p>Can be nestet</p></blockquote>
<p>-- Someone</p></blockquote>
<img src="youtube:uhbDfi7Ee7k" alt="">
<img src="image.gif" alt="Left-aligned image. Lorem ipsum ...">
<p>[! Right-aligned image. Curabitur quam ... image.gif !>]</p>
<ul><li>List 1</li>
<li>List 2</li></ul>
<h2>My Great Heading [#custom-id]</h2>
<p>First Term
: This is the definition of the first term.</p>
<p>Second Term
: This is one definition of the second term.
: This is another definition of the second term.</p>
<p>Soft hyphen (shy) 'aÂ­a'
&shy; --  \-  -?</p>
<h2>Diagrams</h2>
<p>https://github.com/mermaid-js/mermaid
https://github.com/bramp/js-sequence-diagrams</p>
<p>```diagram
Alice || Bob
-> Hello Bob, how are you?
| Bob thinks
&lt; I am good thanks!
Alice knows |
```</p>