<body>

<script src="https://litejs.com/litejs.full.min.js"></script>
<form class="grid b2"><h1>Form test</h1><label class="row"><div class="col w6">Text</div><div class="col w6"><input></div></label><label class="row"><div class="col w6">File</div><div class="col w6"><input type="file"></div></label><label class="row"><div class="col w6">Number</div><div class="col w6"><input type="number"></div></label><label class="row"><div class="col w6">Date</div><div class="col w6"><input type="date"></div></label><label class="row"><div class="col w6">Readonly</div><div class="col w6"><input readonly></div></label><label class="row"><div class="col w6">Disabled</div><div class="col w6"><input disabled></div></label><label class="row"><div class="col w6">Select</div><div class="col w6"><select name="pet"><option value="cat">Cat</option><option value="dog" selected>Dog</option><option>Bird</option><option disabled>Snake</option><option></option></select></div></label><label class="row"><div class="col w6">Select multiple</div><div class="col w6"><select name="pets" multiple><option value="dog" selected>Dog</option><option value="cat">Cat</option><option>Bird</option><option disabled>Snake</option><option></option></select></div></label><div class="row"><div class="col w6">Radio</div><div class="col w6"><label class="m1"><input name="user[pet]" type="radio" value="dog" checked><span class="m02">Dog</span></label><label class="m1"><input name="user[pet]" type="radio" value="cat"><span class="m02">Cat</span></label><label class="m1"><input name="user[pet]" type="radio" value="bird" readonly><span class="m02">Bird</span></label><label class="m1"><input name="user[pet]" type="radio" disabled><span class="m02">Unknown</span></label></div></div><div class="row"><div class="col w6">Checkbox</div><div class="col w6"><label class="m1"><input name="user[pets][b]" type="checkbox" value="dog" checked><span class="m02">Dog</span></label><label class="m1"><input name="user[pets][a]" type="checkbox" value="cat" checked><span class="m02">Cat</span></label><label class="m1"><input type="checkbox" name="user[pets][c]" value="bird" readonly><span class="m02">Bird</span></label><label class="m1"><input name="user[pets][d]" type="checkbox" disabled><span class="m02">Unknown</span></label><label class="m1"><input name="user[pets][e]" type="checkbox" disabled checked><span class="m02">Unknown</span></label></div></div><label class="row"><div class="col w6">Textarea</div><div class="col w6"><textarea></textarea></div></label><div class="row right"><div class="col group left"><button class="btn">Single button in group</button></div><div class="col group left"><button class="btn" disabled>Button disabled</button><button class="btn">Button 2</button></div><div class="col group left"><a href="#" class="btn">A link</a><button class="btn" disabled>Disabled</button><button class="btn">Button 3</button></div></div></form><hr><div class="p2"><a href="dev.html">Link</a></div></body>