<body>


<script src="../load.js"></script>
<script src="../polyfill/index.js"></script>
<script src="../index.js"></script>
<h1></h1><nav><hr><a href="#"></a> | <a href="#about"></a><hr></nav><h2></h2><!--%slot-1--><hr> The End </body>